 эталонный код v06r от проектировщика
=== EdgeExtension/src/core/messaging.js ===
const CTX_BUILD = "v06r";
const CTX_MSG = Object.freeze({ CAPTURED: "ctx:captured" });
globalThis.CTX_BUILD = CTX_BUILD;
globalThis.CTX_MSG = CTX_MSG;

=== EdgeExtension/src/core/normalize.js (замена целиком) ===
/* Context VK.RU · core/normalize.js · v06r. Regex с "_" через U (А1). */
(function () {
  "use strict";
  var U = String.fromCharCode(95);
  var RE_ID = /^\/id(\d+)$/;
  var RE_CLUB = /^\/club(\d+)$/;
  var RE_WALL = new RegExp("^/wall(-?\\d+)" + U + "(\\d+)$");
  function portalOf(url) {
    var h; try { h = new URL(url).hostname; } catch (e) { return "generic"; }
    if (h === "vk.ru" || h.endsWith(".vk.ru")) return "vk";
    if (h === "ok.ru" || h.endsWith(".ok.ru")) return "ok";
    if (h === "dzen.ru" || h.endsWith(".dzen.ru")) return "dzen";
    return "generic";
  }
  function normalize(link, menu) {
    var portal = portalOf(link);
    var path = ""; try { path = new URL(link).pathname; } catch (e) { path = link || ""; }
    var id = path, m;
    if (portal === "vk") {
      if ((m = path.match(RE_ID))) id = "id" + m[1];
      else if ((m = path.match(RE_CLUB))) id = "club" + m[1];
      else if ((m = path.match(RE_WALL))) id = "wall" + m[1] + U + m[2];
      else if (path.charAt(0) === "/") id = path.slice(1);
    }
    return { portal: portal, id: id,
             type: menu === "save-community" ? "COMMUNITY" : "PERSON", url: link };
  }
  function metPostOf(page) {
    try {
      var u = new URL(page);
      var m = u.pathname.match(RE_WALL);
      if (!m) m = (u.searchParams.get("w") || "").match(RE_WALL);
      if (m) return "wall" + m[1] + U + m[2];
      return u.pathname;
    } catch (e) { return page || ""; }
  }
  function replyOf(url) {
    try { return new URL(url).searchParams.get("reply") || ""; } catch (e) { return ""; }
  }
  globalThis.CTX_NORMALIZE = Object.freeze(
    { portalOf: portalOf, normalize: normalize, metPostOf: metPostOf, replyOf: replyOf });
})();

=== EdgeExtension/src/core/storage.js ===
БЕЗ ИЗМЕНЕНИЙ (как в v05r).

=== EdgeExtension/src/background.js (замена целиком) ===
/* Context VK.RU · v06r · background.js. Фикс D1: дедуп COMMENT по
   portal+id+replyId; replyId хранится в identity. */
importScripts("./core/messaging.js");
importScripts("./core/normalize.js");
importScripts("./core/storage.js");
console.log("[CTX " + CTX_BUILD + "] service worker started");
chrome.runtime.onInstalled.addListener(() => {
  chrome.contextMenus.removeAll(() => {
    chrome.contextMenus.create({ id: "save-person", title: "Сохранить персонажа", contexts: ["link"] });
    chrome.contextMenus.create({ id: "save-community", title: "Сохранить сообщество", contexts: ["link"] });
  });
});
function nextCardId(cards) {
  var n = 0;
  cards.forEach(function (c) {
    var m = /^c(\d+)$/.exec(c.cardId || "");
    if (m) { var v = parseInt(m[1], 10); if (v > n) n = v; }
  });
  return "c" + (n + 1);
}
chrome.contextMenus.onClicked.addListener(async (info, tab) => {
  const link = info.linkUrl || "", page = info.pageUrl || "";
  const norm = CTX_NORMALIZE.normalize(link, info.menuItemId);
  const metPost = CTX_NORMALIZE.metPostOf(page);
  const reply = CTX_NORMALIZE.replyOf(link);
  const kind = reply ? "COMMENT" : undefined;
  const date = new Date().toISOString().slice(0, 10);
  const db = await CTX_STORAGE.loadDb();
  let logLine;
  const existing = db.cards.find(function (c) {
    return (c.identities || []).some(function (it) {
      if (it.portal !== norm.portal) return false;
      if (kind) return it.id === norm.id && (it.replyId || "") === reply;
      return it.id === norm.id && !it.replyId;
    });
  });
  if (existing) {
    existing.lastSeen = date;
    const h = { date: date, action: "captured", portal: norm.portal, url: link };
    if (kind) h.kind = kind;
    existing.history = (existing.history || []).concat([h]);
    logLine = "уже в базе (card " + existing.cardId + ")";
  } else {
    const identity = { portal: norm.portal, id: norm.id, url: norm.url,
                       name: "", metAt: date, metUrl: metPost };
    if (kind) identity.replyId = reply;
    const card = { cardId: nextCardId(db.cards), created: date, displayName: "",
      note: "", status: "saved", visual: { faded: false }, identities: [identity],
      access: { ownerOnly: false, staffContact: "allowed" },
      history: [{ date: date, action: "captured", portal: norm.portal, url: link }],
      lastSeen: date };
    db.cards.push(card);
    logLine = "saved card " + card.cardId + " (total " + db.cards.length + ")";
  }
  if (kind) logLine += " · kind " + kind;
  console.log("[CTX " + CTX_BUILD + "] captured:",
    { menu: info.menuItemId, link: link, page: page, portal: norm.portal, id: norm.id });
  console.log("[CTX " + CTX_BUILD + "] " + logLine);
  await CTX_STORAGE.saveDb(db);
  if (tab && tab.id !== undefined) {
    chrome.tabs.sendMessage(tab.id, { type: CTX_MSG.CAPTURED,
      payload: { menu: info.menuItemId, link: link, page: page, portal: norm.portal,
                 id: norm.id, type: norm.type, metPost: metPost, kind: kind || "", db: logLine } })
      .catch(() => {});
  }
});

=== EdgeExtension/src/content.js (замена целиком) ===
/* Context VK.RU · v06r · content.js. Маркировка сохранённых после F5:
   ▲ персонаж/сообщество, ◆ закладка комментария. Только span.ctx-mark,
   атрибуты VK не трогаем (§H). */
(() => {
  "use strict";
  if (location.host !== "vk.ru") return;
  console.log("[CTX " + CTX_BUILD + "] content started — path: " + location.pathname);
  var marked = new WeakSet();
  var index = null;
  function buildIndex(db) {
    var byId = {}, byComment = {}, legacy = {};
    (db.cards || []).forEach(function (c) {
      (c.identities || []).forEach(function (it) {
        if (it.replyId) byComment[it.id + "#" + it.replyId] = c.cardId;
        else if (it.id && it.id.indexOf("wall") === 0) legacy[it.id] = c.cardId;
        else byId[it.id] = c.cardId;
      });
    });
    return { byId: byId, byComment: byComment, legacy: legacy };
  }
  function mark(a, cardId, sym) {
    if (marked.has(a)) return false;
    marked.add(a);
    var s = document.createElement("span");
    s.className = sym === "◆" ? "ctx-mark ctx-mark-c" : "ctx-mark";
    s.textContent = sym;
    s.title = "CTX: " + cardId;
    if (a.parentNode) a.parentNode.insertBefore(s, a.nextSibling);
    return true;
  }
  function scan() {
    if (!index) return;
    var n = 0;
    document.querySelectorAll("a[href]").forEach(function (a) {
      var href = a.getAttribute("href") || "";
      if (href.charAt(0) !== "/" && href.indexOf("https://vk.ru") !== 0) return;
      var abs = href.charAt(0) === "/" ? location.origin + href : href;
      var norm = CTX_NORMALIZE.normalize(abs, "save-person");
      if (norm.portal !== "vk") return;
      var reply = CTX_NORMALIZE.replyOf(abs);
      var cardId = null;
      if (reply) cardId = index.byComment[norm.id + "#" + reply] || index.legacy[norm.id] || null;
      if (!cardId) cardId = index.byId[norm.id] || null;
      if (cardId && mark(a, cardId, reply ? "◆" : "▲")) n++;
    });
    if (n) console.log("[CTX " + CTX_BUILD + "] marked " + n + " anchors");
  }
  var timer = 0;
  CTX_STORAGE.loadDb().then(function (db) {
    var list = (db.cards || []).map(function (c) {
      return c.cardId + " (" + (((c.identities || [])[0] || {}).id || "") + ")";
    }).join(", ");
    console.log("[CTX " + CTX_BUILD + "] db: " + (db.cards || []).length + " cards: " + list);
    index = buildIndex(db);
    scan();
    new MutationObserver(function () {
      clearTimeout(timer); timer = setTimeout(scan, 600);
    }).observe(document.body, { childList: true, subtree: true });
  });
  chrome.runtime.onMessage.addListener((msg) => {
    if (msg && msg.type === CTX_MSG.CAPTURED) {
      const p = msg.payload || {};
      console.log("[CTX " + CTX_BUILD + "] captured | menu: " + p.menu +
        " | portal: " + p.portal + " | id: " + p.id + " | type: " + p.type +
        (p.kind ? " | kind: " + p.kind : "") + " | link: " + p.link +
        " | page: " + p.page + " | db: " + p.db);
    }
  });
})();

=== EdgeExtension/src/styles.css (НОВЫЙ) ===
/* Context VK.RU · собственный слой: только классы ctx-*. */
.ctx-mark { color: #2b6fb3; font-size: 10px; margin-left: 4px; }
.ctx-mark-c { color: #8a6d1f; }

=== EdgeExtension/manifest.json (замена целиком) ===
{
  "manifest_version": 3,
  "name": "__MSG_extName__",
  "description": "__MSG_extDescription__",
  "default_locale": "ru",
  "version": "0.0.9",
  "permissions": ["contextMenus", "storage"],
  "background": { "service_worker": "src/background.js" },
  "content_scripts": [
    {
      "matches": ["https://vk.ru/*"],
      "js": ["src/core/messaging.js", "src/core/storage.js",
             "src/core/normalize.js", "src/content.js"],
      "css": ["src/styles.css"],
      "run_at": "document_idle"
    }
  ],
  "host_permissions": ["https://vk.ru/*"]
}